// Jest Snapshot v1, https://goo.gl/fbAQLP

exports[`Dropdown renders Dropdown unchanged 1`] = `
<div
  className="dropdown closed"
  data-testid="application-dropdown"
>
  <div
    className="dropdownItem"
  >
    <div />
  </div>
  <div
    className="dropdownItem"
  >
    <div />
  </div>
  <div
    className="dropdownItem"
  >
    <div />
  </div>
</div>
`;
